✔ thief_male · idle · docs/art-production/hero-sprites/rejected/b/frames/thief/ (2장)  (오류 0 · 주의 0)
    ✔ [기록] 프레임 해시 일치
    ✔ [형식] 모든 프레임 캔버스 512×400
    ✔ [투명] 진짜 알파, 빈 프레임 없음
    ✔ [여백] 가장자리 8px 비투명 0
    ✔ [배율] 공통 배율 105.4%
    · [배율] 생성본을 최대 105.4%로 늘렸습니다(상한 125%)
    ✔ [배율] 선 자세(2번) 높이 308px, 기준 310px (99.4%)
    ✔ [기준점] 발 기준선 흔들림 0px (허용 12px)
    ✔ [기준점] 기록된 pivot과 발 위치 일치
    ✔ [레이어] 마스크 "hair" 크기·위치 일치 (몸 안 최저 100%)
    ✔ [레이어] 오버레이 "grip" 크기·위치 일치 (몸 안 최저 100%)
    ✔ [레이어] 기준점 "hand" 모든 프레임에 있고 손 위(6px 안)
    ✔ [레이어] 기준점 "crown" 모든 프레임에 있고 몸에 붙어 있음
    ✔ [레이어] 기준점 "side" 모든 프레임에 있고 몸에 붙어 있음
    ✔ [레이어] 기준점 "hand"이 모든 프레임에서 앞쪽 같은 팔, 큰 튐 없음
✔ thief_male · walk · docs/art-production/hero-sprites/rejected/b/frames/thief/ (4장)  (오류 0 · 주의 0)
    ✔ [기록] 프레임 해시 일치
    ✔ [형식] 모든 프레임 캔버스 512×400
    ✔ [투명] 진짜 알파, 빈 프레임 없음
    ✔ [여백] 가장자리 8px 비투명 0
    ✔ [배율] 공통 배율 85%
    ✔ [배율] 선 자세(4번) 높이 296px, 기준 310px (95.5%)
    ✔ [기준점] 발 기준선 흔들림 0px (허용 12px)
    ✔ [기준점] 기록된 pivot과 발 위치 일치
    ✔ [레이어] 마스크 "hair" 크기·위치 일치 (몸 안 최저 100%)
    ✔ [레이어] 오버레이 "grip" 크기·위치 일치 (몸 안 최저 100%)
    ✔ [레이어] 기준점 "hand" 모든 프레임에 있고 손 위(6px 안)
    ✔ [레이어] 기준점 "crown" 모든 프레임에 있고 몸에 붙어 있음
    ✔ [레이어] 기준점 "side" 모든 프레임에 있고 몸에 붙어 있음
    ✔ [레이어] 기준점 "hand"이 모든 프레임에서 앞쪽 같은 팔, 큰 튐 없음
△ thief_male · attack · docs/art-production/hero-sprites/rejected/b/frames/thief/ (3장)  (오류 0 · 주의 1)
    ✔ [기록] 프레임 해시 일치
    ✔ [형식] 모든 프레임 캔버스 512×400
    ✔ [투명] 진짜 알파, 빈 프레임 없음
    ✔ [여백] 가장자리 8px 비투명 0
    ✔ [배율] 공통 배율 55%
    · [배율] 생성본을 최대 105.4%로 늘렸습니다(상한 125%)
    ✔ [배율] 선 자세(3번) 높이 287px, 기준 310px (92.6%)
    ✔ [기준점] 발 기준선 흔들림 0px (허용 12px)
    ✔ [기준점] 기록된 pivot과 발 위치 일치
    ✔ [레이어] 마스크 "hair" 크기·위치 일치 (몸 안 최저 100%)
    ✔ [레이어] 오버레이 "grip" 크기·위치 일치 (몸 안 최저 100%)
    ✔ [레이어] 기준점 "hand" 모든 프레임에 있고 손 위(6px 안)
    ✔ [레이어] 기준점 "crown" 모든 프레임에 있고 몸에 붙어 있음
    ✔ [레이어] 기준점 "side" 모든 프레임에 있고 몸에 붙어 있음
    △ [레이어] 기준점 "hand"이 이웃 프레임과 몸 높이의 25% 넘게 튑니다: 1→2 — 프레임 1,2
✔ thief_male · cast · docs/art-production/hero-sprites/rejected/b/frames/thief/ (2장)  (오류 0 · 주의 0)
    ✔ [기록] 프레임 해시 일치
    ✔ [형식] 모든 프레임 캔버스 512×400
    ✔ [투명] 진짜 알파, 빈 프레임 없음
    ✔ [여백] 가장자리 8px 비투명 0
    ✔ [배율] 공통 배율 85%
    ✔ [배율] 선 자세(2번) 높이 292px, 기준 310px (94.2%)
    ✔ [기준점] 발 기준선 흔들림 0px (허용 12px)
    ✔ [기준점] 기록된 pivot과 발 위치 일치
    ✔ [레이어] 마스크 "hair" 크기·위치 일치 (몸 안 최저 100%)
    ✔ [레이어] 오버레이 "grip" 크기·위치 일치 (몸 안 최저 100%)
    ✔ [레이어] 기준점 "hand" 모든 프레임에 있고 손 위(6px 안)
    ✔ [레이어] 기준점 "crown" 모든 프레임에 있고 몸에 붙어 있음
    ✔ [레이어] 기준점 "side" 모든 프레임에 있고 몸에 붙어 있음
    ✔ [레이어] 기준점 "hand"이 모든 프레임에서 앞쪽 같은 팔, 큰 튐 없음
✔ thief_male · sit · docs/art-production/hero-sprites/rejected/b/frames/thief/ (1장)  (오류 0 · 주의 0)
    ✔ [기록] 프레임 해시 일치
    ✔ [형식] 모든 프레임 캔버스 512×400
    ✔ [투명] 진짜 알파, 빈 프레임 없음
    ✔ [여백] 가장자리 8px 비투명 0
    ✔ [배율] 공통 배율 105.4%
    · [배율] 생성본을 최대 105.4%로 늘렸습니다(상한 125%)
    ✔ [기준점] 기록된 pivot과 발 위치 일치
    ✔ [레이어] 마스크 "hair" 크기·위치 일치 (몸 안 최저 100%)
    ✔ [레이어] 오버레이 "grip" 크기·위치 일치 (몸 안 최저 100%)
    ✔ [레이어] 기준점 "hand" 모든 프레임에 있고 손 위(6px 안)
    ✔ [레이어] 기준점 "crown" 모든 프레임에 있고 몸에 붙어 있음
    ✔ [레이어] 기준점 "side" 모든 프레임에 있고 몸에 붙어 있음
✖ thief_male · hurt · docs/art-production/hero-sprites/rejected/b/frames/thief/ (1장)  (오류 1 · 주의 0)
    ✔ [기록] 프레임 해시 일치
    ✔ [형식] 모든 프레임 캔버스 512×400
    ✔ [투명] 진짜 알파, 빈 프레임 없음
    ✔ [여백] 가장자리 8px 비투명 0
    ✔ [배율] 공통 배율 105.4%
    · [배율] 생성본을 최대 105.4%로 늘렸습니다(상한 125%)
    ✖ [배율] 선 자세(1번) 높이 199px, 기준 310px (64.2%) — 프레임 1
    ✔ [기준점] 기록된 pivot과 발 위치 일치
    ✔ [레이어] 마스크 "hair" 크기·위치 일치 (몸 안 최저 100%)
    ✔ [레이어] 오버레이 "grip" 크기·위치 일치 (몸 안 최저 100%)
    ✔ [레이어] 기준점 "hand" 모든 프레임에 있고 손 위(6px 안)
    ✔ [레이어] 기준점 "crown" 모든 프레임에 있고 몸에 붙어 있음
    ✔ [레이어] 기준점 "side" 모든 프레임에 있고 몸에 붙어 있음
    ✔ [레이어] 기준점 "hand"이 모든 프레임에서 앞쪽 같은 팔, 큰 튐 없음
✔ thief_male · dead · docs/art-production/hero-sprites/rejected/b/frames/thief/ (1장)  (오류 0 · 주의 0)
    ✔ [기록] 프레임 해시 일치
    ✔ [형식] 모든 프레임 캔버스 512×400
    ✔ [투명] 진짜 알파, 빈 프레임 없음
    ✔ [여백] 가장자리 8px 비투명 0
    ✔ [배율] 공통 배율 105.4%
    · [배율] 생성본을 최대 105.4%로 늘렸습니다(상한 125%)
    ✔ [기준점] 기록된 pivot과 발 위치 일치
    ✔ [레이어] 마스크 "hair" 크기·위치 일치 (몸 안 최저 100%)
    ✔ [레이어] 오버레이 "grip" 크기·위치 일치 (몸 안 최저 100%)
    ✔ [레이어] 기준점 "hand" 모든 프레임에 있고 손 위(6px 안)
    ✔ [레이어] 기준점 "crown" 모든 프레임에 있고 몸에 붙어 있음
    ✔ [레이어] 기준점 "side" 모든 프레임에 있고 몸에 붙어 있음
✔ merchant_female · idle · docs/art-production/hero-sprites/rejected/b/frames/merchant/ (2장)  (오류 0 · 주의 0)
    ✔ [기록] 프레임 해시 일치
    ✔ [형식] 모든 프레임 캔버스 512×400
    ✔ [투명] 진짜 알파, 빈 프레임 없음
    ✔ [여백] 가장자리 8px 비투명 0
    ✔ [배율] 공통 배율 107.6%
    · [배율] 생성본을 최대 107.6%로 늘렸습니다(상한 125%)
    ✔ [배율] 선 자세(2번) 높이 308px, 기준 310px (99.4%)
    ✔ [기준점] 발 기준선 흔들림 0px (허용 12px)
    ✔ [기준점] 기록된 pivot과 발 위치 일치
    ✔ [레이어] 마스크 "hair" 크기·위치 일치 (몸 안 최저 100%)
    ✔ [레이어] 오버레이 "grip" 크기·위치 일치 (몸 안 최저 100%)
    ✔ [레이어] 기준점 "hand" 모든 프레임에 있고 손 위(6px 안)
    ✔ [레이어] 기준점 "crown" 모든 프레임에 있고 몸에 붙어 있음
    ✔ [레이어] 기준점 "side" 모든 프레임에 있고 몸에 붙어 있음
    ✔ [레이어] 기준점 "hand"이 모든 프레임에서 앞쪽 같은 팔, 큰 튐 없음
✔ merchant_female · walk · docs/art-production/hero-sprites/rejected/b/frames/merchant/ (4장)  (오류 0 · 주의 0)
    ✔ [기록] 프레임 해시 일치
    ✔ [형식] 모든 프레임 캔버스 512×400
    ✔ [투명] 진짜 알파, 빈 프레임 없음
    ✔ [여백] 가장자리 8px 비투명 0
    ✔ [배율] 공통 배율 85%
    ✔ [배율] 선 자세(4번) 높이 302px, 기준 310px (97.4%)
    ✔ [기준점] 발 기준선 흔들림 0px (허용 12px)
    ✔ [기준점] 기록된 pivot과 발 위치 일치
    ✔ [레이어] 마스크 "hair" 크기·위치 일치 (몸 안 최저 100%)
    ✔ [레이어] 오버레이 "grip" 크기·위치 일치 (몸 안 최저 100%)
    ✔ [레이어] 기준점 "hand" 모든 프레임에 있고 손 위(6px 안)
    ✔ [레이어] 기준점 "crown" 모든 프레임에 있고 몸에 붙어 있음
    ✔ [레이어] 기준점 "side" 모든 프레임에 있고 몸에 붙어 있음
    ✔ [레이어] 기준점 "hand"이 모든 프레임에서 앞쪽 같은 팔, 큰 튐 없음
✔ merchant_female · attack · docs/art-production/hero-sprites/rejected/b/frames/merchant/ (3장)  (오류 0 · 주의 0)
    ✔ [기록] 프레임 해시 일치
    ✔ [형식] 모든 프레임 캔버스 512×400
    ✔ [투명] 진짜 알파, 빈 프레임 없음
    ✔ [여백] 가장자리 8px 비투명 0
    ✔ [배율] 공통 배율 55%
    · [배율] 생성본을 최대 107.6%로 늘렸습니다(상한 125%)
    ✔ [배율] 선 자세(3번) 높이 303px, 기준 310px (97.7%)
    ✔ [기준점] 발 기준선 흔들림 0px (허용 12px)
    ✔ [기준점] 기록된 pivot과 발 위치 일치
    ✔ [레이어] 마스크 "hair" 크기·위치 일치 (몸 안 최저 100%)
    ✔ [레이어] 오버레이 "grip" 크기·위치 일치 (몸 안 최저 100%)
    ✔ [레이어] 기준점 "hand" 모든 프레임에 있고 손 위(6px 안)
    ✔ [레이어] 기준점 "crown" 모든 프레임에 있고 몸에 붙어 있음
    ✔ [레이어] 기준점 "side" 모든 프레임에 있고 몸에 붙어 있음
    ✔ [레이어] 기준점 "hand"이 모든 프레임에서 앞쪽 같은 팔, 큰 튐 없음
✔ merchant_female · cast · docs/art-production/hero-sprites/rejected/b/frames/merchant/ (2장)  (오류 0 · 주의 0)
    ✔ [기록] 프레임 해시 일치
    ✔ [형식] 모든 프레임 캔버스 512×400
    ✔ [투명] 진짜 알파, 빈 프레임 없음
    ✔ [여백] 가장자리 8px 비투명 0
    ✔ [배율] 공통 배율 85%
    ✔ [배율] 선 자세(2번) 높이 303px, 기준 310px (97.7%)
    ✔ [기준점] 발 기준선 흔들림 0px (허용 12px)
    ✔ [기준점] 기록된 pivot과 발 위치 일치
    ✔ [레이어] 마스크 "hair" 크기·위치 일치 (몸 안 최저 100%)
    ✔ [레이어] 오버레이 "grip" 크기·위치 일치 (몸 안 최저 100%)
    ✔ [레이어] 기준점 "hand" 모든 프레임에 있고 손 위(6px 안)
    ✔ [레이어] 기준점 "crown" 모든 프레임에 있고 몸에 붙어 있음
    ✔ [레이어] 기준점 "side" 모든 프레임에 있고 몸에 붙어 있음
    ✔ [레이어] 기준점 "hand"이 모든 프레임에서 앞쪽 같은 팔, 큰 튐 없음
✔ merchant_female · sit · docs/art-production/hero-sprites/rejected/b/frames/merchant/ (1장)  (오류 0 · 주의 0)
    ✔ [기록] 프레임 해시 일치
    ✔ [형식] 모든 프레임 캔버스 512×400
    ✔ [투명] 진짜 알파, 빈 프레임 없음
    ✔ [여백] 가장자리 8px 비투명 0
    ✔ [배율] 공통 배율 107.6%
    · [배율] 생성본을 최대 107.6%로 늘렸습니다(상한 125%)
    ✔ [기준점] 기록된 pivot과 발 위치 일치
    ✔ [레이어] 마스크 "hair" 크기·위치 일치 (몸 안 최저 100%)
    ✔ [레이어] 오버레이 "grip" 크기·위치 일치 (몸 안 최저 100%)
    ✔ [레이어] 기준점 "hand" 모든 프레임에 있고 손 위(6px 안)
    ✔ [레이어] 기준점 "crown" 모든 프레임에 있고 몸에 붙어 있음
    ✔ [레이어] 기준점 "side" 모든 프레임에 있고 몸에 붙어 있음
△ merchant_female · hurt · docs/art-production/hero-sprites/rejected/b/frames/merchant/ (1장)  (오류 0 · 주의 1)
    ✔ [기록] 프레임 해시 일치
    ✔ [형식] 모든 프레임 캔버스 512×400
    ✔ [투명] 진짜 알파, 빈 프레임 없음
    ✔ [여백] 가장자리 8px 비투명 0
    ✔ [배율] 공통 배율 107.6%
    · [배율] 생성본을 최대 107.6%로 늘렸습니다(상한 125%)
    △ [배율] 선 자세(1번) 높이 251px, 기준 310px (81%) — 프레임 1
    ✔ [기준점] 기록된 pivot과 발 위치 일치
    ✔ [레이어] 마스크 "hair" 크기·위치 일치 (몸 안 최저 100%)
    ✔ [레이어] 오버레이 "grip" 크기·위치 일치 (몸 안 최저 100%)
    ✔ [레이어] 기준점 "hand" 모든 프레임에 있고 손 위(6px 안)
    ✔ [레이어] 기준점 "crown" 모든 프레임에 있고 몸에 붙어 있음
    ✔ [레이어] 기준점 "side" 모든 프레임에 있고 몸에 붙어 있음
    ✔ [레이어] 기준점 "hand"이 모든 프레임에서 앞쪽 같은 팔, 큰 튐 없음
✔ merchant_female · dead · docs/art-production/hero-sprites/rejected/b/frames/merchant/ (1장)  (오류 0 · 주의 0)
    ✔ [기록] 프레임 해시 일치
    ✔ [형식] 모든 프레임 캔버스 512×400
    ✔ [투명] 진짜 알파, 빈 프레임 없음
    ✔ [여백] 가장자리 8px 비투명 0
    ✔ [배율] 공통 배율 107.6%
    · [배율] 생성본을 최대 107.6%로 늘렸습니다(상한 125%)
    ✔ [기준점] 기록된 pivot과 발 위치 일치
    ✔ [레이어] 마스크 "hair" 크기·위치 일치 (몸 안 최저 100%)
    ✔ [레이어] 오버레이 "grip" 크기·위치 일치 (몸 안 최저 100%)
    ✔ [레이어] 기준점 "hand" 모든 프레임에 있고 손 위(6px 안)
    ✔ [레이어] 기준점 "crown" 모든 프레임에 있고 몸에 붙어 있음
    ✔ [레이어] 기준점 "side" 모든 프레임에 있고 몸에 붙어 있음
✔ axe · weapon · docs/art-production/hero-sprites/equipment/axe.png  (오류 0 · 주의 0)
    ✔ [기록] 해시 일치
    ✔ [투명] 진짜 알파, 빈 프레임 없음
✔ staff · 부속(weapon) · docs/art-production/hero-sprites/equipment/staff.png  (오류 0 · 주의 0)
    ✔ [레이어] pivot·tip이 그림 안, 배경 투명
✔ mace · 부속(weapon) · docs/art-production/hero-sprites/equipment/mace.png  (오류 0 · 주의 0)
    ✔ [레이어] pivot·tip이 그림 안, 배경 투명
✔ bow · 부속(weapon) · docs/art-production/hero-sprites/equipment/bow.png  (오류 0 · 주의 0)
    ✔ [레이어] pivot·tip이 그림 안, 배경 투명
✔ dagger · 부속(weapon) · docs/art-production/hero-sprites/equipment/dagger.png  (오류 0 · 주의 0)
    ✔ [레이어] pivot·tip이 그림 안, 배경 투명
✔ sword · 부속(weapon) · docs/art-production/hero-sprites/equipment/sword.png  (오류 0 · 주의 0)
    ✔ [레이어] pivot·tip이 그림 안, 배경 투명
✔ axe · 부속(weapon) · docs/art-production/hero-sprites/equipment/axe.png  (오류 0 · 주의 0)
    ✔ [레이어] pivot·tip이 그림 안, 배경 투명
✔ leaf · 부속(headgear) · docs/art-production/hero-sprites/equipment/leaf.png  (오류 0 · 주의 0)
    ✔ [레이어] pivot이 그림 안, 배경 투명
✔ hairpin · 부속(headgear) · docs/art-production/hero-sprites/equipment/hairpin.png  (오류 0 · 주의 0)
    ✔ [레이어] pivot이 그림 안, 배경 투명
합계: 시트 23 · 오류 1 · 주의 2 · 통과 189
