✔ mage_female · idle · docs/art-production/hero-sprites/frames/mage/ (2장)  (오류 0 · 주의 0)
    ✔ [기록] 프레임 해시 일치
    ✔ [형식] 모든 프레임 캔버스 512×400
    ✔ [투명] 진짜 알파, 빈 프레임 없음
    ✔ [여백] 가장자리 8px 비투명 0
    ✔ [배율] 공통 배율 114%
    · [배율] 생성본을 최대 114%로 늘렸습니다(상한 125%)
    ✔ [배율] 선 자세(2번) 높이 309px, 기준 310px (99.7%)
    ✔ [기준점] 발 기준선 흔들림 0px (허용 12px)
    ✔ [기준점] 기록된 pivot과 발 위치 일치
    ✔ [레이어] 마스크 "hair" 크기·위치 일치 (몸 안 최저 100%)
    ✔ [레이어] 오버레이 "grip" 크기·위치 일치 (몸 안 최저 100%)
    ✔ [레이어] 기준점 "hand" 모든 프레임에 있고 손 위(6px 안)
    ✔ [레이어] 기준점 "crown" 모든 프레임에 있고 몸에 붙어 있음
    ✔ [레이어] 기준점 "side" 모든 프레임에 있고 몸에 붙어 있음
    ✔ [레이어] 기준점 "hand"이 모든 프레임에서 앞쪽 같은 팔, 큰 튐 없음
✔ mage_female · walk · docs/art-production/hero-sprites/frames/mage/ (4장)  (오류 0 · 주의 0)
    ✔ [기록] 프레임 해시 일치
    ✔ [형식] 모든 프레임 캔버스 512×400
    ✔ [투명] 진짜 알파, 빈 프레임 없음
    ✔ [여백] 가장자리 8px 비투명 0
    ✔ [배율] 공통 배율 114%
    · [배율] 생성본을 최대 114%로 늘렸습니다(상한 125%)
    ✔ [배율] 선 자세(4번) 높이 300px, 기준 310px (96.8%)
    ✔ [기준점] 발 기준선 흔들림 0px (허용 12px)
    ✔ [기준점] 기록된 pivot과 발 위치 일치
    ✔ [레이어] 마스크 "hair" 크기·위치 일치 (몸 안 최저 100%)
    ✔ [레이어] 오버레이 "grip" 크기·위치 일치 (몸 안 최저 100%)
    ✔ [레이어] 기준점 "hand" 모든 프레임에 있고 손 위(6px 안)
    ✔ [레이어] 기준점 "crown" 모든 프레임에 있고 몸에 붙어 있음
    ✔ [레이어] 기준점 "side" 모든 프레임에 있고 몸에 붙어 있음
    ✔ [레이어] 기준점 "hand"이 모든 프레임에서 앞쪽 같은 팔, 큰 튐 없음
✔ mage_female · attack · docs/art-production/hero-sprites/frames/mage/ (3장)  (오류 0 · 주의 0)
    ✔ [기록] 프레임 해시 일치
    ✔ [형식] 모든 프레임 캔버스 512×400
    ✔ [투명] 진짜 알파, 빈 프레임 없음
    ✔ [여백] 가장자리 8px 비투명 0
    ✔ [배율] 공통 배율 37.4%
    · [배율] 생성본을 최대 114%로 늘렸습니다(상한 125%)
    ✔ [배율] 선 자세(3번) 높이 293px, 기준 310px (94.5%)
    ✔ [기준점] 발 기준선 흔들림 0px (허용 12px)
    ✔ [기준점] 기록된 pivot과 발 위치 일치
    ✔ [레이어] 마스크 "hair" 크기·위치 일치 (몸 안 최저 100%)
    ✔ [레이어] 오버레이 "grip" 크기·위치 일치 (몸 안 최저 100%)
    ✔ [레이어] 기준점 "hand" 모든 프레임에 있고 손 위(6px 안)
    ✔ [레이어] 기준점 "crown" 모든 프레임에 있고 몸에 붙어 있음
    ✔ [레이어] 기준점 "side" 모든 프레임에 있고 몸에 붙어 있음
    ✔ [레이어] 기준점 "hand"이 모든 프레임에서 앞쪽 같은 팔, 큰 튐 없음
✔ mage_female · cast · docs/art-production/hero-sprites/frames/mage/ (2장)  (오류 0 · 주의 0)
    ✔ [기록] 프레임 해시 일치
    ✔ [형식] 모든 프레임 캔버스 512×400
    ✔ [투명] 진짜 알파, 빈 프레임 없음
    ✔ [여백] 가장자리 8px 비투명 0
    ✔ [배율] 공통 배율 68.9%
    ✔ [배율] 선 자세(2번) 높이 300px, 기준 310px (96.8%)
    ✔ [기준점] 발 기준선 흔들림 0px (허용 12px)
    ✔ [기준점] 기록된 pivot과 발 위치 일치
    ✔ [레이어] 마스크 "hair" 크기·위치 일치 (몸 안 최저 100%)
    ✔ [레이어] 오버레이 "grip" 크기·위치 일치 (몸 안 최저 100%)
    ✔ [레이어] 기준점 "hand" 모든 프레임에 있고 손 위(6px 안)
    ✔ [레이어] 기준점 "crown" 모든 프레임에 있고 몸에 붙어 있음
    ✔ [레이어] 기준점 "side" 모든 프레임에 있고 몸에 붙어 있음
    ✔ [레이어] 기준점 "hand"이 모든 프레임에서 앞쪽 같은 팔, 큰 튐 없음
✔ mage_female · sit · docs/art-production/hero-sprites/frames/mage/ (1장)  (오류 0 · 주의 0)
    ✔ [기록] 프레임 해시 일치
    ✔ [형식] 모든 프레임 캔버스 512×400
    ✔ [투명] 진짜 알파, 빈 프레임 없음
    ✔ [여백] 가장자리 8px 비투명 0
    ✔ [배율] 공통 배율 114%
    · [배율] 생성본을 최대 114%로 늘렸습니다(상한 125%)
    ✔ [기준점] 기록된 pivot과 발 위치 일치
    ✔ [레이어] 마스크 "hair" 크기·위치 일치 (몸 안 최저 100%)
    ✔ [레이어] 오버레이 "grip" 크기·위치 일치 (몸 안 최저 100%)
    ✔ [레이어] 기준점 "hand" 모든 프레임에 있고 손 위(6px 안)
    ✔ [레이어] 기준점 "crown" 모든 프레임에 있고 몸에 붙어 있음
    ✔ [레이어] 기준점 "side" 모든 프레임에 있고 몸에 붙어 있음
△ mage_female · hurt · docs/art-production/hero-sprites/frames/mage/ (1장)  (오류 0 · 주의 1)
    ✔ [기록] 프레임 해시 일치
    ✔ [형식] 모든 프레임 캔버스 512×400
    ✔ [투명] 진짜 알파, 빈 프레임 없음
    ✔ [여백] 가장자리 8px 비투명 0
    ✔ [배율] 공통 배율 114%
    · [배율] 생성본을 최대 114%로 늘렸습니다(상한 125%)
    △ [배율] 선 자세(1번) 높이 260px, 기준 310px (83.9%) — 프레임 1
    ✔ [기준점] 기록된 pivot과 발 위치 일치
    ✔ [레이어] 마스크 "hair" 크기·위치 일치 (몸 안 최저 100%)
    ✔ [레이어] 오버레이 "grip" 크기·위치 일치 (몸 안 최저 100%)
    ✔ [레이어] 기준점 "hand" 모든 프레임에 있고 손 위(6px 안)
    ✔ [레이어] 기준점 "crown" 모든 프레임에 있고 몸에 붙어 있음
    ✔ [레이어] 기준점 "side" 모든 프레임에 있고 몸에 붙어 있음
    ✔ [레이어] 기준점 "hand"이 모든 프레임에서 앞쪽 같은 팔, 큰 튐 없음
✔ mage_female · dead · docs/art-production/hero-sprites/frames/mage/ (1장)  (오류 0 · 주의 0)
    ✔ [기록] 프레임 해시 일치
    ✔ [형식] 모든 프레임 캔버스 512×400
    ✔ [투명] 진짜 알파, 빈 프레임 없음
    ✔ [여백] 가장자리 8px 비투명 0
    ✔ [배율] 공통 배율 114%
    · [배율] 생성본을 최대 114%로 늘렸습니다(상한 125%)
    ✔ [기준점] 기록된 pivot과 발 위치 일치
    ✔ [레이어] 마스크 "hair" 크기·위치 일치 (몸 안 최저 100%)
    ✔ [레이어] 오버레이 "grip" 크기·위치 일치 (몸 안 최저 100%)
    ✔ [레이어] 기준점 "hand" 모든 프레임에 있고 손 위(6px 안)
    ✔ [레이어] 기준점 "crown" 모든 프레임에 있고 몸에 붙어 있음
    ✔ [레이어] 기준점 "side" 모든 프레임에 있고 몸에 붙어 있음
✔ acolyte_female · idle · docs/art-production/hero-sprites/frames/acolyte/ (2장)  (오류 0 · 주의 0)
    ✔ [기록] 프레임 해시 일치
    ✔ [형식] 모든 프레임 캔버스 512×400
    ✔ [투명] 진짜 알파, 빈 프레임 없음
    ✔ [여백] 가장자리 8px 비투명 0
    ✔ [배율] 공통 배율 120.2%
    · [배율] 생성본을 최대 120.2%로 늘렸습니다(상한 125%)
    ✔ [배율] 선 자세(2번) 높이 309px, 기준 310px (99.7%)
    ✔ [기준점] 발 기준선 흔들림 0px (허용 12px)
    ✔ [기준점] 기록된 pivot과 발 위치 일치
    ✔ [레이어] 마스크 "hair" 크기·위치 일치 (몸 안 최저 100%)
    ✔ [레이어] 오버레이 "grip" 크기·위치 일치 (몸 안 최저 100%)
    ✔ [레이어] 기준점 "hand" 모든 프레임에 있고 손 위(6px 안)
    ✔ [레이어] 기준점 "crown" 모든 프레임에 있고 몸에 붙어 있음
    ✔ [레이어] 기준점 "side" 모든 프레임에 있고 몸에 붙어 있음
    ✔ [레이어] 기준점 "hand"이 모든 프레임에서 앞쪽 같은 팔, 큰 튐 없음
✔ acolyte_female · walk · docs/art-production/hero-sprites/frames/acolyte/ (4장)  (오류 0 · 주의 0)
    ✔ [기록] 프레임 해시 일치
    ✔ [형식] 모든 프레임 캔버스 512×400
    ✔ [투명] 진짜 알파, 빈 프레임 없음
    ✔ [여백] 가장자리 8px 비투명 0
    ✔ [배율] 공통 배율 120.2%
    · [배율] 생성본을 최대 120.2%로 늘렸습니다(상한 125%)
    ✔ [배율] 선 자세(4번) 높이 308px, 기준 310px (99.4%)
    ✔ [기준점] 발 기준선 흔들림 0px (허용 12px)
    ✔ [기준점] 기록된 pivot과 발 위치 일치
    ✔ [레이어] 마스크 "hair" 크기·위치 일치 (몸 안 최저 100%)
    ✔ [레이어] 오버레이 "grip" 크기·위치 일치 (몸 안 최저 100%)
    ✔ [레이어] 기준점 "hand" 모든 프레임에 있고 손 위(6px 안)
    ✔ [레이어] 기준점 "crown" 모든 프레임에 있고 몸에 붙어 있음
    ✔ [레이어] 기준점 "side" 모든 프레임에 있고 몸에 붙어 있음
    ✔ [레이어] 기준점 "hand"이 모든 프레임에서 앞쪽 같은 팔, 큰 튐 없음
✔ acolyte_female · attack · docs/art-production/hero-sprites/frames/acolyte/ (3장)  (오류 0 · 주의 0)
    ✔ [기록] 프레임 해시 일치
    ✔ [형식] 모든 프레임 캔버스 512×400
    ✔ [투명] 진짜 알파, 빈 프레임 없음
    ✔ [여백] 가장자리 8px 비투명 0
    ✔ [배율] 공통 배율 69.5%
    · [배율] 생성본을 최대 120.2%로 늘렸습니다(상한 125%)
    ✔ [배율] 선 자세(3번) 높이 308px, 기준 310px (99.4%)
    ✔ [기준점] 발 기준선 흔들림 0px (허용 12px)
    ✔ [기준점] 기록된 pivot과 발 위치 일치
    ✔ [레이어] 마스크 "hair" 크기·위치 일치 (몸 안 최저 100%)
    ✔ [레이어] 오버레이 "grip" 크기·위치 일치 (몸 안 최저 100%)
    ✔ [레이어] 기준점 "hand" 모든 프레임에 있고 손 위(6px 안)
    ✔ [레이어] 기준점 "crown" 모든 프레임에 있고 몸에 붙어 있음
    ✔ [레이어] 기준점 "side" 모든 프레임에 있고 몸에 붙어 있음
    ✔ [레이어] 기준점 "hand"이 모든 프레임에서 앞쪽 같은 팔, 큰 튐 없음
✔ acolyte_female · cast · docs/art-production/hero-sprites/frames/acolyte/ (2장)  (오류 0 · 주의 0)
    ✔ [기록] 프레임 해시 일치
    ✔ [형식] 모든 프레임 캔버스 512×400
    ✔ [투명] 진짜 알파, 빈 프레임 없음
    ✔ [여백] 가장자리 8px 비투명 0
    ✔ [배율] 공통 배율 69.5%
    ✔ [배율] 선 자세(2번) 높이 309px, 기준 310px (99.7%)
    ✔ [기준점] 발 기준선 흔들림 0px (허용 12px)
    ✔ [기준점] 기록된 pivot과 발 위치 일치
    ✔ [레이어] 마스크 "hair" 크기·위치 일치 (몸 안 최저 100%)
    ✔ [레이어] 오버레이 "grip" 크기·위치 일치 (몸 안 최저 100%)
    ✔ [레이어] 기준점 "hand" 모든 프레임에 있고 손 위(6px 안)
    ✔ [레이어] 기준점 "crown" 모든 프레임에 있고 몸에 붙어 있음
    ✔ [레이어] 기준점 "side" 모든 프레임에 있고 몸에 붙어 있음
    ✔ [레이어] 기준점 "hand"이 모든 프레임에서 앞쪽 같은 팔, 큰 튐 없음
✔ acolyte_female · sit · docs/art-production/hero-sprites/frames/acolyte/ (1장)  (오류 0 · 주의 0)
    ✔ [기록] 프레임 해시 일치
    ✔ [형식] 모든 프레임 캔버스 512×400
    ✔ [투명] 진짜 알파, 빈 프레임 없음
    ✔ [여백] 가장자리 8px 비투명 0
    ✔ [배율] 공통 배율 120.2%
    · [배율] 생성본을 최대 120.2%로 늘렸습니다(상한 125%)
    ✔ [기준점] 기록된 pivot과 발 위치 일치
    ✔ [레이어] 마스크 "hair" 크기·위치 일치 (몸 안 최저 100%)
    ✔ [레이어] 오버레이 "grip" 크기·위치 일치 (몸 안 최저 100%)
    ✔ [레이어] 기준점 "hand" 모든 프레임에 있고 손 위(6px 안)
    ✔ [레이어] 기준점 "crown" 모든 프레임에 있고 몸에 붙어 있음
    ✔ [레이어] 기준점 "side" 모든 프레임에 있고 몸에 붙어 있음
✔ acolyte_female · hurt · docs/art-production/hero-sprites/frames/acolyte/ (1장)  (오류 0 · 주의 0)
    ✔ [기록] 프레임 해시 일치
    ✔ [형식] 모든 프레임 캔버스 512×400
    ✔ [투명] 진짜 알파, 빈 프레임 없음
    ✔ [여백] 가장자리 8px 비투명 0
    ✔ [배율] 공통 배율 120.2%
    · [배율] 생성본을 최대 120.2%로 늘렸습니다(상한 125%)
    ✔ [배율] 선 자세(1번) 높이 282px, 기준 310px (91%)
    ✔ [기준점] 기록된 pivot과 발 위치 일치
    ✔ [레이어] 마스크 "hair" 크기·위치 일치 (몸 안 최저 100%)
    ✔ [레이어] 오버레이 "grip" 크기·위치 일치 (몸 안 최저 100%)
    ✔ [레이어] 기준점 "hand" 모든 프레임에 있고 손 위(6px 안)
    ✔ [레이어] 기준점 "crown" 모든 프레임에 있고 몸에 붙어 있음
    ✔ [레이어] 기준점 "side" 모든 프레임에 있고 몸에 붙어 있음
    ✔ [레이어] 기준점 "hand"이 모든 프레임에서 앞쪽 같은 팔, 큰 튐 없음
✔ acolyte_female · dead · docs/art-production/hero-sprites/frames/acolyte/ (1장)  (오류 0 · 주의 0)
    ✔ [기록] 프레임 해시 일치
    ✔ [형식] 모든 프레임 캔버스 512×400
    ✔ [투명] 진짜 알파, 빈 프레임 없음
    ✔ [여백] 가장자리 8px 비투명 0
    ✔ [배율] 공통 배율 120.2%
    · [배율] 생성본을 최대 120.2%로 늘렸습니다(상한 125%)
    ✔ [기준점] 기록된 pivot과 발 위치 일치
    ✔ [레이어] 마스크 "hair" 크기·위치 일치 (몸 안 최저 100%)
    ✔ [레이어] 오버레이 "grip" 크기·위치 일치 (몸 안 최저 100%)
    ✔ [레이어] 기준점 "hand" 모든 프레임에 있고 손 위(6px 안)
    ✔ [레이어] 기준점 "crown" 모든 프레임에 있고 몸에 붙어 있음
    ✔ [레이어] 기준점 "side" 모든 프레임에 있고 몸에 붙어 있음
✔ archer_male · idle · docs/art-production/hero-sprites/frames/archer/ (2장)  (오류 0 · 주의 0)
    ✔ [기록] 프레임 해시 일치
    ✔ [형식] 모든 프레임 캔버스 512×400
    ✔ [투명] 진짜 알파, 빈 프레임 없음
    ✔ [여백] 가장자리 8px 비투명 0
    ✔ [배율] 공통 배율 115.2%
    · [배율] 생성본을 최대 115.2%로 늘렸습니다(상한 125%)
    ✔ [배율] 선 자세(2번) 높이 308px, 기준 310px (99.4%)
    ✔ [기준점] 발 기준선 흔들림 0px (허용 12px)
    ✔ [기준점] 기록된 pivot과 발 위치 일치
    ✔ [레이어] 마스크 "hair" 크기·위치 일치 (몸 안 최저 100%)
    ✔ [레이어] 오버레이 "grip" 크기·위치 일치 (몸 안 최저 100%)
    ✔ [레이어] 기준점 "hand" 모든 프레임에 있고 손 위(6px 안)
    ✔ [레이어] 기준점 "crown" 모든 프레임에 있고 몸에 붙어 있음
    ✔ [레이어] 기준점 "side" 모든 프레임에 있고 몸에 붙어 있음
    ✔ [레이어] 기준점 "hand"이 모든 프레임에서 앞쪽 같은 팔, 큰 튐 없음
△ archer_male · walk · docs/art-production/hero-sprites/frames/archer/ (4장)  (오류 0 · 주의 1)
    ✔ [기록] 프레임 해시 일치
    ✔ [형식] 모든 프레임 캔버스 512×400
    ✔ [투명] 진짜 알파, 빈 프레임 없음
    ✔ [여백] 가장자리 8px 비투명 0
    ✔ [배율] 공통 배율 115.2%
    · [배율] 생성본을 최대 115.2%로 늘렸습니다(상한 125%)
    ✔ [배율] 선 자세(4번) 높이 304px, 기준 310px (98.1%)
    ✔ [기준점] 발 기준선 흔들림 0px (허용 12px)
    ✔ [기준점] 기록된 pivot과 발 위치 일치
    ✔ [레이어] 마스크 "hair" 크기·위치 일치 (몸 안 최저 100%)
    ✔ [레이어] 오버레이 "grip" 크기·위치 일치 (몸 안 최저 100%)
    ✔ [레이어] 기준점 "hand" 모든 프레임에 있고 손 위(6px 안)
    ✔ [레이어] 기준점 "crown" 모든 프레임에 있고 몸에 붙어 있음
    ✔ [레이어] 기준점 "side" 모든 프레임에 있고 몸에 붙어 있음
    △ [레이어] 기준점 "hand"이 다른 프레임들과 따로 떨어져 있습니다(몸 높이의 12% 넘게). 쥐는 손이 바뀌었는지 보세요 — 프레임 4
✔ archer_male · attack · docs/art-production/hero-sprites/frames/archer/ (3장)  (오류 0 · 주의 0)
    ✔ [기록] 프레임 해시 일치
    ✔ [형식] 모든 프레임 캔버스 512×400
    ✔ [투명] 진짜 알파, 빈 프레임 없음
    ✔ [여백] 가장자리 8px 비투명 0
    ✔ [배율] 공통 배율 115.2%
    · [배율] 생성본을 최대 115.2%로 늘렸습니다(상한 125%)
    ✔ [배율] 선 자세(3번) 높이 287px, 기준 310px (92.6%)
    ✔ [기준점] 발 기준선 흔들림 0px (허용 12px)
    ✔ [기준점] 기록된 pivot과 발 위치 일치
    ✔ [레이어] 마스크 "hair" 크기·위치 일치 (몸 안 최저 100%)
    ✔ [레이어] 오버레이 "grip" 크기·위치 일치 (몸 안 최저 100%)
    ✔ [레이어] 기준점 "hand" 모든 프레임에 있고 손 위(6px 안)
    ✔ [레이어] 기준점 "crown" 모든 프레임에 있고 몸에 붙어 있음
    ✔ [레이어] 기준점 "side" 모든 프레임에 있고 몸에 붙어 있음
    ✔ [레이어] 기준점 "hand"이 모든 프레임에서 앞쪽 같은 팔, 큰 튐 없음
✔ archer_male · cast · docs/art-production/hero-sprites/frames/archer/ (2장)  (오류 0 · 주의 0)
    ✔ [기록] 프레임 해시 일치
    ✔ [형식] 모든 프레임 캔버스 512×400
    ✔ [투명] 진짜 알파, 빈 프레임 없음
    ✔ [여백] 가장자리 8px 비투명 0
    ✔ [배율] 공통 배율 69%
    ✔ [배율] 선 자세(2번) 높이 303px, 기준 310px (97.7%)
    ✔ [기준점] 발 기준선 흔들림 0px (허용 12px)
    ✔ [기준점] 기록된 pivot과 발 위치 일치
    ✔ [레이어] 마스크 "hair" 크기·위치 일치 (몸 안 최저 100%)
    ✔ [레이어] 오버레이 "grip" 크기·위치 일치 (몸 안 최저 100%)
    ✔ [레이어] 기준점 "hand" 모든 프레임에 있고 손 위(6px 안)
    ✔ [레이어] 기준점 "crown" 모든 프레임에 있고 몸에 붙어 있음
    ✔ [레이어] 기준점 "side" 모든 프레임에 있고 몸에 붙어 있음
    ✔ [레이어] 기준점 "hand"이 모든 프레임에서 앞쪽 같은 팔, 큰 튐 없음
✔ archer_male · sit · docs/art-production/hero-sprites/frames/archer/ (1장)  (오류 0 · 주의 0)
    ✔ [기록] 프레임 해시 일치
    ✔ [형식] 모든 프레임 캔버스 512×400
    ✔ [투명] 진짜 알파, 빈 프레임 없음
    ✔ [여백] 가장자리 8px 비투명 0
    ✔ [배율] 공통 배율 115.2%
    · [배율] 생성본을 최대 115.2%로 늘렸습니다(상한 125%)
    ✔ [기준점] 기록된 pivot과 발 위치 일치
    ✔ [레이어] 마스크 "hair" 크기·위치 일치 (몸 안 최저 100%)
    ✔ [레이어] 오버레이 "grip" 크기·위치 일치 (몸 안 최저 100%)
    ✔ [레이어] 기준점 "hand" 모든 프레임에 있고 손 위(6px 안)
    ✔ [레이어] 기준점 "crown" 모든 프레임에 있고 몸에 붙어 있음
    ✔ [레이어] 기준점 "side" 모든 프레임에 있고 몸에 붙어 있음
△ archer_male · hurt · docs/art-production/hero-sprites/frames/archer/ (1장)  (오류 0 · 주의 1)
    ✔ [기록] 프레임 해시 일치
    ✔ [형식] 모든 프레임 캔버스 512×400
    ✔ [투명] 진짜 알파, 빈 프레임 없음
    ✔ [여백] 가장자리 8px 비투명 0
    ✔ [배율] 공통 배율 115.2%
    · [배율] 생성본을 최대 115.2%로 늘렸습니다(상한 125%)
    △ [배율] 선 자세(1번) 높이 261px, 기준 310px (84.2%) — 프레임 1
    ✔ [기준점] 기록된 pivot과 발 위치 일치
    ✔ [레이어] 마스크 "hair" 크기·위치 일치 (몸 안 최저 100%)
    ✔ [레이어] 오버레이 "grip" 크기·위치 일치 (몸 안 최저 100%)
    ✔ [레이어] 기준점 "hand" 모든 프레임에 있고 손 위(6px 안)
    ✔ [레이어] 기준점 "crown" 모든 프레임에 있고 몸에 붙어 있음
    ✔ [레이어] 기준점 "side" 모든 프레임에 있고 몸에 붙어 있음
    ✔ [레이어] 기준점 "hand"이 모든 프레임에서 앞쪽 같은 팔, 큰 튐 없음
✔ archer_male · dead · docs/art-production/hero-sprites/frames/archer/ (1장)  (오류 0 · 주의 0)
    ✔ [기록] 프레임 해시 일치
    ✔ [형식] 모든 프레임 캔버스 512×400
    ✔ [투명] 진짜 알파, 빈 프레임 없음
    ✔ [여백] 가장자리 8px 비투명 0
    ✔ [배율] 공통 배율 115.2%
    · [배율] 생성본을 최대 115.2%로 늘렸습니다(상한 125%)
    ✔ [기준점] 기록된 pivot과 발 위치 일치
    ✔ [레이어] 마스크 "hair" 크기·위치 일치 (몸 안 최저 100%)
    ✔ [레이어] 오버레이 "grip" 크기·위치 일치 (몸 안 최저 100%)
    ✔ [레이어] 기준점 "hand" 모든 프레임에 있고 손 위(6px 안)
    ✔ [레이어] 기준점 "crown" 모든 프레임에 있고 몸에 붙어 있음
    ✔ [레이어] 기준점 "side" 모든 프레임에 있고 몸에 붙어 있음
✔ novice_female · idle · docs/art-production/hero-sprites/frames/novice/ (2장)  (오류 0 · 주의 0)
    ✔ [기록] 프레임 해시 일치
    ✔ [형식] 모든 프레임 캔버스 512×400
    ✔ [투명] 진짜 알파, 빈 프레임 없음
    ✔ [여백] 가장자리 8px 비투명 0
    ✔ [배율] 공통 배율 100%
    ✔ [배율] 선 자세(2번) 높이 313px, 기준 310px (101%)
    ✔ [기준점] 발 기준선 흔들림 0px (허용 12px)
    ✔ [기준점] 기록된 pivot과 발 위치 일치
    ✔ [레이어] 마스크 "hair" 크기·위치 일치 (몸 안 최저 100%)
    ✔ [레이어] 오버레이 "grip" 크기·위치 일치 (몸 안 최저 100%)
    ✔ [레이어] 기준점 "hand" 모든 프레임에 있고 손 위(6px 안)
    ✔ [레이어] 기준점 "crown" 모든 프레임에 있고 몸에 붙어 있음
    ✔ [레이어] 기준점 "side" 모든 프레임에 있고 몸에 붙어 있음
    ✔ [레이어] 기준점 "hand"이 모든 프레임에서 앞쪽 같은 팔, 큰 튐 없음
✔ novice_female · walk · docs/art-production/hero-sprites/frames/novice/ (4장)  (오류 0 · 주의 0)
    ✔ [기록] 프레임 해시 일치
    ✔ [형식] 모든 프레임 캔버스 512×400
    ✔ [투명] 진짜 알파, 빈 프레임 없음
    ✔ [여백] 가장자리 8px 비투명 0
    ✔ [배율] 공통 배율 100%
    ✔ [배율] 선 자세(4번) 높이 304px, 기준 310px (98.1%)
    ✔ [기준점] 발 기준선 흔들림 1px (허용 12px)
    ✔ [기준점] 기록된 pivot과 발 위치 일치
    ✔ [레이어] 마스크 "hair" 크기·위치 일치 (몸 안 최저 100%)
    ✔ [레이어] 오버레이 "grip" 크기·위치 일치 (몸 안 최저 100%)
    ✔ [레이어] 기준점 "hand" 모든 프레임에 있고 손 위(6px 안)
    ✔ [레이어] 기준점 "crown" 모든 프레임에 있고 몸에 붙어 있음
    ✔ [레이어] 기준점 "side" 모든 프레임에 있고 몸에 붙어 있음
    ✔ [레이어] 기준점 "hand"이 모든 프레임에서 앞쪽 같은 팔, 큰 튐 없음
✔ novice_female · attack · docs/art-production/hero-sprites/frames/novice/ (3장)  (오류 0 · 주의 0)
    ✔ [기록] 프레임 해시 일치
    ✔ [형식] 모든 프레임 캔버스 512×400
    ✔ [투명] 진짜 알파, 빈 프레임 없음
    ✔ [여백] 가장자리 8px 비투명 0
    ✔ [배율] 공통 배율 70.1%
    ✔ [배율] 선 자세(3번) 높이 292px, 기준 310px (94.2%)
    ✔ [기준점] 발 기준선 흔들림 0px (허용 12px)
    ✔ [기준점] 기록된 pivot과 발 위치 일치
    ✔ [레이어] 마스크 "hair" 크기·위치 일치 (몸 안 최저 100%)
    ✔ [레이어] 오버레이 "grip" 크기·위치 일치 (몸 안 최저 100%)
    ✔ [레이어] 기준점 "hand" 모든 프레임에 있고 손 위(6px 안)
    ✔ [레이어] 기준점 "crown" 모든 프레임에 있고 몸에 붙어 있음
    ✔ [레이어] 기준점 "side" 모든 프레임에 있고 몸에 붙어 있음
    ✔ [레이어] 기준점 "hand"이 모든 프레임에서 앞쪽 같은 팔, 큰 튐 없음
✔ novice_female · cast · docs/art-production/hero-sprites/frames/novice/ (2장)  (오류 0 · 주의 0)
    ✔ [기록] 프레임 해시 일치
    ✔ [형식] 모든 프레임 캔버스 512×400
    ✔ [투명] 진짜 알파, 빈 프레임 없음
    ✔ [여백] 가장자리 8px 비투명 0
    ✔ [배율] 공통 배율 70.1%
    ✔ [배율] 선 자세(2번) 높이 309px, 기준 310px (99.7%)
    ✔ [기준점] 발 기준선 흔들림 0px (허용 12px)
    ✔ [기준점] 기록된 pivot과 발 위치 일치
    ✔ [레이어] 마스크 "hair" 크기·위치 일치 (몸 안 최저 100%)
    ✔ [레이어] 오버레이 "grip" 크기·위치 일치 (몸 안 최저 100%)
    ✔ [레이어] 기준점 "hand" 모든 프레임에 있고 손 위(6px 안)
    ✔ [레이어] 기준점 "crown" 모든 프레임에 있고 몸에 붙어 있음
    ✔ [레이어] 기준점 "side" 모든 프레임에 있고 몸에 붙어 있음
    ✔ [레이어] 기준점 "hand"이 모든 프레임에서 앞쪽 같은 팔, 큰 튐 없음
✔ novice_female · sit · docs/art-production/hero-sprites/frames/novice/ (1장)  (오류 0 · 주의 0)
    ✔ [기록] 프레임 해시 일치
    ✔ [형식] 모든 프레임 캔버스 512×400
    ✔ [투명] 진짜 알파, 빈 프레임 없음
    ✔ [여백] 가장자리 8px 비투명 0
    ✔ [배율] 공통 배율 100%
    ✔ [기준점] 기록된 pivot과 발 위치 일치
    ✔ [레이어] 마스크 "hair" 크기·위치 일치 (몸 안 최저 100%)
    ✔ [레이어] 기준점 "hand" 모든 프레임에 있고 손 위(6px 안)
    ✔ [레이어] 기준점 "crown" 모든 프레임에 있고 몸에 붙어 있음
    ✔ [레이어] 기준점 "side" 모든 프레임에 있고 몸에 붙어 있음
✔ novice_female · hurt · docs/art-production/hero-sprites/frames/novice/ (1장)  (오류 0 · 주의 0)
    ✔ [기록] 프레임 해시 일치
    ✔ [형식] 모든 프레임 캔버스 512×400
    ✔ [투명] 진짜 알파, 빈 프레임 없음
    ✔ [여백] 가장자리 8px 비투명 0
    ✔ [배율] 공통 배율 100%
    ✔ [배율] 선 자세(1번) 높이 283px, 기준 310px (91.3%)
    ✔ [기준점] 기록된 pivot과 발 위치 일치
    ✔ [레이어] 마스크 "hair" 크기·위치 일치 (몸 안 최저 100%)
    ✔ [레이어] 오버레이 "grip" 크기·위치 일치 (몸 안 최저 100%)
    ✔ [레이어] 기준점 "hand" 모든 프레임에 있고 손 위(6px 안)
    ✔ [레이어] 기준점 "crown" 모든 프레임에 있고 몸에 붙어 있음
    ✔ [레이어] 기준점 "side" 모든 프레임에 있고 몸에 붙어 있음
    ✔ [레이어] 기준점 "hand"이 모든 프레임에서 앞쪽 같은 팔, 큰 튐 없음
✔ novice_female · dead · docs/art-production/hero-sprites/frames/novice/ (1장)  (오류 0 · 주의 0)
    ✔ [기록] 프레임 해시 일치
    ✔ [형식] 모든 프레임 캔버스 512×400
    ✔ [투명] 진짜 알파, 빈 프레임 없음
    ✔ [여백] 가장자리 8px 비투명 0
    ✔ [배율] 공통 배율 100%
    ✔ [기준점] 기록된 pivot과 발 위치 일치
    ✔ [레이어] 마스크 "hair" 크기·위치 일치 (몸 안 최저 100%)
    ✔ [레이어] 기준점 "hand" 모든 프레임에 있고 손 위(6px 안)
    ✔ [레이어] 기준점 "crown" 모든 프레임에 있고 몸에 붙어 있음
    ✔ [레이어] 기준점 "side" 모든 프레임에 있고 몸에 붙어 있음
✔ swordsman_male · idle · docs/art-production/hero-sprites/frames/swordsman/ (2장)  (오류 0 · 주의 0)
    ✔ [기록] 프레임 해시 일치
    ✔ [형식] 모든 프레임 캔버스 512×400
    ✔ [투명] 진짜 알파, 빈 프레임 없음
    ✔ [여백] 가장자리 8px 비투명 0
    ✔ [배율] 공통 배율 100%
    ✔ [배율] 선 자세(2번) 높이 314px, 기준 310px (101.3%)
    ✔ [기준점] 발 기준선 흔들림 0px (허용 12px)
    ✔ [기준점] 기록된 pivot과 발 위치 일치
    ✔ [레이어] 마스크 "hair" 크기·위치 일치 (몸 안 최저 100%)
    ✔ [레이어] 오버레이 "grip" 크기·위치 일치 (몸 안 최저 100%)
    ✔ [레이어] 기준점 "hand" 모든 프레임에 있고 손 위(6px 안)
    ✔ [레이어] 기준점 "crown" 모든 프레임에 있고 몸에 붙어 있음
    ✔ [레이어] 기준점 "side" 모든 프레임에 있고 몸에 붙어 있음
    ✔ [레이어] 기준점 "hand"이 모든 프레임에서 앞쪽 같은 팔, 큰 튐 없음
✔ swordsman_male · walk · docs/art-production/hero-sprites/frames/swordsman/ (4장)  (오류 0 · 주의 0)
    ✔ [기록] 프레임 해시 일치
    ✔ [형식] 모든 프레임 캔버스 512×400
    ✔ [투명] 진짜 알파, 빈 프레임 없음
    ✔ [여백] 가장자리 8px 비투명 0
    ✔ [배율] 공통 배율 100%
    ✔ [배율] 선 자세(4번) 높이 305px, 기준 310px (98.4%)
    ✔ [기준점] 발 기준선 흔들림 1px (허용 12px)
    ✔ [기준점] 기록된 pivot과 발 위치 일치
    ✔ [레이어] 마스크 "hair" 크기·위치 일치 (몸 안 최저 100%)
    ✔ [레이어] 오버레이 "grip" 크기·위치 일치 (몸 안 최저 100%)
    ✔ [레이어] 기준점 "hand" 모든 프레임에 있고 손 위(6px 안)
    ✔ [레이어] 기준점 "crown" 모든 프레임에 있고 몸에 붙어 있음
    ✔ [레이어] 기준점 "side" 모든 프레임에 있고 몸에 붙어 있음
    ✔ [레이어] 기준점 "hand"이 모든 프레임에서 앞쪽 같은 팔, 큰 튐 없음
✔ swordsman_male · attack · docs/art-production/hero-sprites/frames/swordsman/ (3장)  (오류 0 · 주의 0)
    ✔ [기록] 프레임 해시 일치
    ✔ [형식] 모든 프레임 캔버스 512×400
    ✔ [투명] 진짜 알파, 빈 프레임 없음
    ✔ [여백] 가장자리 8px 비투명 0
    ✔ [배율] 공통 배율 68.4%
    ✔ [배율] 선 자세(3번) 높이 297px, 기준 310px (95.8%)
    ✔ [기준점] 발 기준선 흔들림 1px (허용 12px)
    ✔ [기준점] 기록된 pivot과 발 위치 일치
    ✔ [레이어] 마스크 "hair" 크기·위치 일치 (몸 안 최저 100%)
    ✔ [레이어] 오버레이 "grip" 크기·위치 일치 (몸 안 최저 100%)
    ✔ [레이어] 기준점 "hand" 모든 프레임에 있고 손 위(6px 안)
    ✔ [레이어] 기준점 "crown" 모든 프레임에 있고 몸에 붙어 있음
    ✔ [레이어] 기준점 "side" 모든 프레임에 있고 몸에 붙어 있음
    ✔ [레이어] 기준점 "hand"이 모든 프레임에서 앞쪽 같은 팔, 큰 튐 없음
✔ swordsman_male · cast · docs/art-production/hero-sprites/frames/swordsman/ (2장)  (오류 0 · 주의 0)
    ✔ [기록] 프레임 해시 일치
    ✔ [형식] 모든 프레임 캔버스 512×400
    ✔ [투명] 진짜 알파, 빈 프레임 없음
    ✔ [여백] 가장자리 8px 비투명 0
    ✔ [배율] 공통 배율 68.4%
    ✔ [배율] 선 자세(2번) 높이 306px, 기준 310px (98.7%)
    ✔ [기준점] 발 기준선 흔들림 0px (허용 12px)
    ✔ [기준점] 기록된 pivot과 발 위치 일치
    ✔ [레이어] 마스크 "hair" 크기·위치 일치 (몸 안 최저 100%)
    ✔ [레이어] 오버레이 "grip" 크기·위치 일치 (몸 안 최저 100%)
    ✔ [레이어] 기준점 "hand" 모든 프레임에 있고 손 위(6px 안)
    ✔ [레이어] 기준점 "crown" 모든 프레임에 있고 몸에 붙어 있음
    ✔ [레이어] 기준점 "side" 모든 프레임에 있고 몸에 붙어 있음
    ✔ [레이어] 기준점 "hand"이 모든 프레임에서 앞쪽 같은 팔, 큰 튐 없음
✔ swordsman_male · sit · docs/art-production/hero-sprites/frames/swordsman/ (1장)  (오류 0 · 주의 0)
    ✔ [기록] 프레임 해시 일치
    ✔ [형식] 모든 프레임 캔버스 512×400
    ✔ [투명] 진짜 알파, 빈 프레임 없음
    ✔ [여백] 가장자리 8px 비투명 0
    ✔ [배율] 공통 배율 100%
    ✔ [기준점] 기록된 pivot과 발 위치 일치
    ✔ [레이어] 마스크 "hair" 크기·위치 일치 (몸 안 최저 100%)
    ✔ [레이어] 기준점 "hand" 모든 프레임에 있고 손 위(6px 안)
    ✔ [레이어] 기준점 "crown" 모든 프레임에 있고 몸에 붙어 있음
    ✔ [레이어] 기준점 "side" 모든 프레임에 있고 몸에 붙어 있음
✔ swordsman_male · hurt · docs/art-production/hero-sprites/frames/swordsman/ (1장)  (오류 0 · 주의 0)
    ✔ [기록] 프레임 해시 일치
    ✔ [형식] 모든 프레임 캔버스 512×400
    ✔ [투명] 진짜 알파, 빈 프레임 없음
    ✔ [여백] 가장자리 8px 비투명 0
    ✔ [배율] 공통 배율 100%
    ✔ [배율] 선 자세(1번) 높이 273px, 기준 310px (88.1%)
    ✔ [기준점] 기록된 pivot과 발 위치 일치
    ✔ [레이어] 마스크 "hair" 크기·위치 일치 (몸 안 최저 100%)
    ✔ [레이어] 오버레이 "grip" 크기·위치 일치 (몸 안 최저 100%)
    ✔ [레이어] 기준점 "hand" 모든 프레임에 있고 손 위(6px 안)
    ✔ [레이어] 기준점 "crown" 모든 프레임에 있고 몸에 붙어 있음
    ✔ [레이어] 기준점 "side" 모든 프레임에 있고 몸에 붙어 있음
    ✔ [레이어] 기준점 "hand"이 모든 프레임에서 앞쪽 같은 팔, 큰 튐 없음
✔ swordsman_male · dead · docs/art-production/hero-sprites/frames/swordsman/ (1장)  (오류 0 · 주의 0)
    ✔ [기록] 프레임 해시 일치
    ✔ [형식] 모든 프레임 캔버스 512×400
    ✔ [투명] 진짜 알파, 빈 프레임 없음
    ✔ [여백] 가장자리 8px 비투명 0
    ✔ [배율] 공통 배율 100%
    ✔ [기준점] 기록된 pivot과 발 위치 일치
    ✔ [레이어] 마스크 "hair" 크기·위치 일치 (몸 안 최저 100%)
    ✔ [레이어] 기준점 "hand" 모든 프레임에 있고 손 위(6px 안)
    ✔ [레이어] 기준점 "crown" 모든 프레임에 있고 몸에 붙어 있음
    ✔ [레이어] 기준점 "side" 모든 프레임에 있고 몸에 붙어 있음
✔ staff · weapon · docs/art-production/hero-sprites/equipment/staff.png  (오류 0 · 주의 0)
    ✔ [기록] 해시 일치
    ✔ [투명] 진짜 알파, 빈 프레임 없음
✔ mace · weapon · docs/art-production/hero-sprites/equipment/mace.png  (오류 0 · 주의 0)
    ✔ [기록] 해시 일치
    ✔ [투명] 진짜 알파, 빈 프레임 없음
✔ bow · weapon · docs/art-production/hero-sprites/equipment/bow.png  (오류 0 · 주의 0)
    ✔ [기록] 해시 일치
    ✔ [투명] 진짜 알파, 빈 프레임 없음
✔ dagger · weapon · docs/art-production/hero-sprites/equipment/dagger.png  (오류 0 · 주의 0)
    ✔ [기록] 해시 일치
    ✔ [투명] 진짜 알파, 빈 프레임 없음
✔ sword · weapon · docs/art-production/hero-sprites/equipment/sword.png  (오류 0 · 주의 0)
    ✔ [기록] 해시 일치
    ✔ [투명] 진짜 알파, 빈 프레임 없음
✔ staff · 부속(weapon) · docs/art-production/hero-sprites/equipment/staff.png  (오류 0 · 주의 0)
    ✔ [레이어] pivot·tip이 그림 안, 배경 투명
✔ mace · 부속(weapon) · docs/art-production/hero-sprites/equipment/mace.png  (오류 0 · 주의 0)
    ✔ [레이어] pivot·tip이 그림 안, 배경 투명
✔ bow · 부속(weapon) · docs/art-production/hero-sprites/equipment/bow.png  (오류 0 · 주의 0)
    ✔ [레이어] pivot·tip이 그림 안, 배경 투명
✔ dagger · 부속(weapon) · docs/art-production/hero-sprites/equipment/dagger.png  (오류 0 · 주의 0)
    ✔ [레이어] pivot·tip이 그림 안, 배경 투명
✔ sword · 부속(weapon) · docs/art-production/hero-sprites/equipment/sword.png  (오류 0 · 주의 0)
    ✔ [레이어] pivot·tip이 그림 안, 배경 투명
✔ leaf · 부속(headgear) · docs/art-production/hero-sprites/equipment/leaf.png  (오류 0 · 주의 0)
    ✔ [레이어] pivot이 그림 안, 배경 투명
✔ hairpin · 부속(headgear) · docs/art-production/hero-sprites/equipment/hairpin.png  (오류 0 · 주의 0)
    ✔ [레이어] pivot이 그림 안, 배경 투명
· 승인된 제외 15건 (미납으로 세지 않음)
    thief_male · idle — Batch B; outside hero-sprites-a-fix1 requested scope, not produced or reviewed.
    thief_male · walk — Batch B; outside hero-sprites-a-fix1 requested scope, not produced or reviewed.
    thief_male · attack — Batch B; outside hero-sprites-a-fix1 requested scope, not produced or reviewed.
    thief_male · cast — Batch B; outside hero-sprites-a-fix1 requested scope, not produced or reviewed.
    thief_male · sit — Batch B; outside hero-sprites-a-fix1 requested scope, not produced or reviewed.
    thief_male · hurt — Batch B; outside hero-sprites-a-fix1 requested scope, not produced or reviewed.
    thief_male · dead — Batch B; outside hero-sprites-a-fix1 requested scope, not produced or reviewed.
    merchant_female · idle — Batch B; outside hero-sprites-a-fix1 requested scope, not produced or reviewed.
    merchant_female · walk — Batch B; outside hero-sprites-a-fix1 requested scope, not produced or reviewed.
    merchant_female · attack — Batch B; outside hero-sprites-a-fix1 requested scope, not produced or reviewed.
    merchant_female · cast — Batch B; outside hero-sprites-a-fix1 requested scope, not produced or reviewed.
    merchant_female · sit — Batch B; outside hero-sprites-a-fix1 requested scope, not produced or reviewed.
    merchant_female · hurt — Batch B; outside hero-sprites-a-fix1 requested scope, not produced or reviewed.
    merchant_female · dead — Batch B; outside hero-sprites-a-fix1 requested scope, not produced or reviewed.
    axe · weapon — Batch B; outside requested fix1 scope.
합계: 시트 47 · 오류 0 · 주의 3 · 통과 465
